// Jest Snapshot v1, https://goo.gl/fbAQLP

exports[`Home view Snapshot testing 1`] = `
<div>
  <p>
    Hi ! My name is Agustin Jacobsen and I develop this using a custom library to manage graphs and adjacency matrix
  </p>
</div>
`;
