// Jest Snapshot v1, https://goo.gl/fbAQLP

exports[`Home view Snapshot testing 1`] = `
<div>
  <div>
    <div
      class="row"
    >
      <div
        class="col"
      >
        <div>
          <div
            class="form-floating"
          >
            <textarea
              class="input-text"
              data-testid="input-text-area"
              id="floatingTextarea"
            />
          </div>
        </div>
      </div>
      <div
        class="col"
      >
        <fieldset />
      </div>
    </div>
    <div
      class="button-group"
    >
      <button
        class="btn btn-primary"
        data-testid="button-render"
        type="button"
      >
        Render
      </button>
       
      <button
        class="btn btn-secondary"
        data-testid="button-clean"
        type="button"
      >
        Clean
      </button>
       
    </div>
  </div>
</div>
`;
